2026-04-08 19:01:16 -05:00: ▲ Next.js 16.2.1
2026-04-08 19:01:16 -05:00: - Local:         http://localhost:3002
2026-04-08 19:01:16 -05:00: - Network:       http://100.96.152.30:3002
2026-04-08 19:01:16 -05:00: ✓ Ready in 68ms
2026-04-08 19:05:16 -05:00: 
> savingkc-crm@0.1.0 start
> next start

2026-04-08 19:05:16 -05:00: 2026-04-08 19:05:20 -05:00: 
> savingkc-crm@0.1.0 start
> next start

2026-04-08 19:05:20 -05:00: 2026-04-08 19:05:25 -05:00: 
> savingkc-crm@0.1.0 start
> next start

2026-04-08 19:05:25 -05:00: 2026-04-08 19:05:29 -05:00: 
> savingkc-crm@0.1.0 start
> next start

2026-04-08 19:05:29 -05:00: 2026-04-08 19:05:33 -05:00: 
> savingkc-crm@0.1.0 start
> next start

2026-04-08 19:05:33 -05:00: 2026-04-12 12:19:51 -05:00: 
> savingkc-crm@0.1.0 start
> next start

2026-04-12 12:48:57 -05:00: 2026-04-12 12:48:57 -05:00: 
> savingkc-crm@0.1.0 start
> next start

2026-04-12 17:26:35 -05:00: 2026-04-12 17:26:35 -05:00: 
> savingkc-crm@0.1.0 start
> next start

2026-04-12 17:40:12 -05:00: 2026-04-12 17:40:12 -05:00: 
> savingkc-crm@0.1.0 start
> next start

2026-04-12 18:48:15 -05:00: 2026-04-12 18:48:16 -05:00: 
> savingkc-crm@0.1.0 start
> next start

2026-04-12 19:38:51 -05:00: 2026-04-12 19:38:51 -05:00: 
> savingkc-crm@0.1.0 start
> next start

2026-04-12 19:42:13 -05:00: 2026-04-12 19:42:13 -05:00: 
> savingkc-crm@0.1.0 start
> next start

2026-04-13 06:11:10 -05:00: 2026-04-13 06:11:10 -05:00: 
> savingkc-crm@0.1.0 start
> next start

2026-04-13 06:22:38 -05:00: 2026-04-13 06:22:38 -05:00: 
> savingkc-crm@0.1.0 start
> next start

2026-04-13 12:33:38 -05:00: 2026-04-13 12:33:38 -05:00: 
> savingkc-crm@0.1.0 start
> next start

2026-04-13 13:35:52 -05:00: 2026-04-13 13:35:52 -05:00: 
> savingkc-crm@0.1.0 start
> next start

2026-04-13 16:44:08 -05:00: 2026-04-13 16:44:08 -05:00: 
> savingkc-crm@0.1.0 start
> next start

2026-04-14 05:27:50 -05:00: 2026-04-14 05:27:50 -05:00: 
> savingkc-crm@0.1.0 start
> next start

2026-04-14 05:45:22 -05:00: 2026-04-14 05:45:22 -05:00: 
> savingkc-crm@0.1.0 start
> next start

2026-04-14 05:47:59 -05:00: 2026-04-14 05:47:59 -05:00: 
> savingkc-crm@0.1.0 start
> next start

2026-04-14 06:28:32 -05:00: 2026-04-14 06:28:33 -05:00: 
> savingkc-crm@0.1.0 start
> next start

2026-04-14 06:31:40 -05:00: 2026-04-14 06:31:41 -05:00: 
> savingkc-crm@0.1.0 start
> next start

2026-04-14 20:32:38 -05:00: 2026-04-14 20:32:42 -05:00: 
> savingkc-crm@0.1.0 start
> next start

2026-04-15 10:28:50 -05:00: 2026-04-15 10:28:50 -05:00: 
> savingkc-crm@0.1.0 start
> next start

2026-04-15 11:00:24 -05:00: 2026-04-15 11:00:24 -05:00: 
> savingkc-crm@0.1.0 start
> next start

2026-04-15 12:07:58 -05:00: 2026-04-15 12:07:58 -05:00: 
> savingkc-crm@0.1.0 start
> next start

2026-04-15 12:10:37 -05:00: 2026-04-15 12:10:37 -05:00: 
> savingkc-crm@0.1.0 start
> next start

2026-04-15 12:12:46 -05:00: 2026-04-15 12:12:46 -05:00: 
> savingkc-crm@0.1.0 start
> next start

2026-04-15 12:41:47 -05:00: 2026-04-15 12:41:47 -05:00: 
> savingkc-crm@0.1.0 start
> next start

2026-04-15 12:59:48 -05:00: 2026-04-15 12:59:48 -05:00: 
> savingkc-crm@0.1.0 start
> next start

2026-04-16 21:20:49 -05:00: 2026-04-16 21:20:49 -05:00: 
> savingkc-crm@0.1.0 start
> next start

2026-04-16 21:40:58 -05:00: 2026-04-16 21:40:59 -05:00: 
> savingkc-crm@0.1.0 start
> next start

2026-04-16 21:48:20 -05:00: 2026-04-16 21:48:20 -05:00: 
> savingkc-crm@0.1.0 start
> next start

2026-04-16 22:09:30 -05:00: 2026-04-16 22:09:30 -05:00: 
> savingkc-crm@0.1.0 start
> next start

2026-04-16 22:34:06 -05:00: 2026-04-16 22:34:10 -05:00: 
> savingkc-crm@0.1.0 start
> next start

2026-04-16 22:39:56 -05:00: 2026-04-16 22:40:00 -05:00: 
> savingkc-crm@0.1.0 start
> next start

2026-04-16 22:40:01 -05:00: 2026-04-16 22:40:05 -05:00: 
> savingkc-crm@0.1.0 start
> next start

2026-04-16 22:40:05 -05:00: 2026-04-16 22:40:09 -05:00: 
> savingkc-crm@0.1.0 start
> next start

2026-04-16 22:40:09 -05:00: 2026-04-16 22:40:13 -05:00: 
> savingkc-crm@0.1.0 start
> next start

2026-04-16 22:40:13 -05:00: 2026-04-16 22:40:18 -05:00: 
> savingkc-crm@0.1.0 start
> next start

2026-04-16 22:40:18 -05:00: 2026-04-16 22:40:22 -05:00: 
> savingkc-crm@0.1.0 start
> next start

2026-04-16 22:40:22 -05:00: 2026-04-16 22:40:26 -05:00: 
> savingkc-crm@0.1.0 start
> next start

2026-04-16 22:40:26 -05:00: 2026-04-16 22:40:31 -05:00: 
> savingkc-crm@0.1.0 start
> next start

2026-04-16 22:40:31 -05:00: 2026-04-16 22:40:35 -05:00: 
> savingkc-crm@0.1.0 start
> next start

2026-04-16 22:40:35 -05:00: 2026-04-16 22:40:39 -05:00: 
> savingkc-crm@0.1.0 start
> next start

2026-04-16 22:40:39 -05:00: 2026-04-16 22:40:43 -05:00: 
> savingkc-crm@0.1.0 start
> next start

2026-04-16 22:40:44 -05:00: 2026-04-16 22:40:48 -05:00: 
> savingkc-crm@0.1.0 start
> next start

2026-04-16 22:40:48 -05:00: 2026-04-16 22:40:52 -05:00: 
> savingkc-crm@0.1.0 start
> next start

2026-04-16 22:40:52 -05:00: 2026-04-16 22:40:56 -05:00: 
> savingkc-crm@0.1.0 start
> next start

2026-04-16 22:40:57 -05:00: 2026-04-16 22:41:01 -05:00: 
> savingkc-crm@0.1.0 start
> next start

2026-04-16 22:41:01 -05:00: 2026-04-16 22:41:05 -05:00: 
> savingkc-crm@0.1.0 start
> next start

2026-04-16 22:41:05 -05:00: 2026-04-16 22:41:09 -05:00: 
> savingkc-crm@0.1.0 start
> next start

2026-04-16 22:41:10 -05:00: 2026-04-16 22:41:14 -05:00: 
> savingkc-crm@0.1.0 start
> next start

2026-04-16 22:41:14 -05:00: 2026-04-16 22:41:18 -05:00: 
> savingkc-crm@0.1.0 start
> next start

2026-04-16 22:41:18 -05:00: 2026-04-16 22:41:22 -05:00: 
> savingkc-crm@0.1.0 start
> next start

2026-04-16 22:41:22 -05:00: 2026-04-16 22:41:27 -05:00: 
> savingkc-crm@0.1.0 start
> next start

2026-04-16 22:41:27 -05:00: 2026-04-16 22:41:31 -05:00: 
> savingkc-crm@0.1.0 start
> next start

2026-04-16 22:41:31 -05:00: 2026-04-16 22:41:35 -05:00: 
> savingkc-crm@0.1.0 start
> next start

2026-04-16 22:41:35 -05:00: 2026-04-16 22:41:39 -05:00: 
> savingkc-crm@0.1.0 start
> next start

2026-04-16 22:41:40 -05:00: 2026-04-16 22:41:44 -05:00: 
> savingkc-crm@0.1.0 start
> next start

2026-04-16 22:41:44 -05:00: 2026-04-16 22:41:48 -05:00: 
> savingkc-crm@0.1.0 start
> next start

2026-04-16 22:41:48 -05:00: 2026-04-16 22:41:52 -05:00: 
> savingkc-crm@0.1.0 start
> next start

2026-04-16 22:41:52 -05:00: 2026-04-16 22:41:57 -05:00: 
> savingkc-crm@0.1.0 start
> next start

2026-04-16 22:41:57 -05:00: 2026-04-16 22:42:01 -05:00: 
> savingkc-crm@0.1.0 start
> next start

2026-04-16 22:42:01 -05:00: 2026-04-16 22:42:05 -05:00: 
> savingkc-crm@0.1.0 start
> next start

2026-04-16 22:42:05 -05:00: 2026-04-16 22:42:09 -05:00: 
> savingkc-crm@0.1.0 start
> next start

2026-04-16 22:42:10 -05:00: 2026-04-16 22:42:14 -05:00: 
> savingkc-crm@0.1.0 start
> next start

2026-04-16 22:42:14 -05:00: 2026-04-16 22:42:18 -05:00: 
> savingkc-crm@0.1.0 start
> next start

2026-04-16 22:42:19 -05:00: 2026-04-16 22:42:23 -05:00: 
> savingkc-crm@0.1.0 start
> next start

2026-04-16 22:42:23 -05:00: 2026-04-16 22:42:27 -05:00: 
> savingkc-crm@0.1.0 start
> next start

2026-04-16 22:42:28 -05:00: 2026-04-16 22:42:32 -05:00: 
> savingkc-crm@0.1.0 start
> next start

2026-04-16 22:42:32 -05:00: 2026-04-16 22:42:36 -05:00: 
> savingkc-crm@0.1.0 start
> next start

2026-04-16 22:42:37 -05:00: 2026-04-16 22:42:41 -05:00: 
> savingkc-crm@0.1.0 start
> next start

2026-04-16 22:42:41 -05:00: 2026-04-16 22:42:45 -05:00: 
> savingkc-crm@0.1.0 start
> next start

2026-04-16 22:42:45 -05:00: 2026-04-16 22:42:49 -05:00: 
> savingkc-crm@0.1.0 start
> next start

2026-04-16 22:42:50 -05:00: 2026-04-16 22:42:54 -05:00: 
> savingkc-crm@0.1.0 start
> next start

2026-04-16 22:42:54 -05:00: 2026-04-16 22:42:58 -05:00: 
> savingkc-crm@0.1.0 start
> next start

2026-04-16 22:42:58 -05:00: 2026-04-16 22:43:02 -05:00: 
> savingkc-crm@0.1.0 start
> next start

2026-04-16 22:43:02 -05:00: 2026-04-16 22:43:07 -05:00: 
> savingkc-crm@0.1.0 start
> next start

2026-04-16 22:43:07 -05:00: 2026-04-16 22:43:11 -05:00: 
> savingkc-crm@0.1.0 start
> next start

2026-04-16 22:43:11 -05:00: 2026-04-16 22:43:15 -05:00: 
> savingkc-crm@0.1.0 start
> next start

2026-04-16 22:43:15 -05:00: 2026-04-16 22:43:20 -05:00: 
> savingkc-crm@0.1.0 start
> next start

2026-04-16 22:43:20 -05:00: 2026-04-16 22:43:24 -05:00: 
> savingkc-crm@0.1.0 start
> next start

2026-04-16 22:43:24 -05:00: 2026-04-16 22:43:28 -05:00: 
> savingkc-crm@0.1.0 start
> next start

2026-04-16 22:43:28 -05:00: 2026-04-16 22:43:33 -05:00: 
> savingkc-crm@0.1.0 start
> next start

2026-04-16 22:43:33 -05:00: 2026-04-16 22:43:37 -05:00: 
> savingkc-crm@0.1.0 start
> next start

2026-04-16 22:43:37 -05:00: 2026-04-16 22:43:41 -05:00: 
> savingkc-crm@0.1.0 start
> next start

2026-04-16 22:43:41 -05:00: 2026-04-16 22:43:45 -05:00: 
> savingkc-crm@0.1.0 start
> next start

2026-04-16 22:43:46 -05:00: 2026-04-16 22:43:50 -05:00: 
> savingkc-crm@0.1.0 start
> next start

2026-04-16 22:43:50 -05:00: 2026-04-16 22:43:54 -05:00: 
> savingkc-crm@0.1.0 start
> next start

2026-04-16 22:43:54 -05:00: 2026-04-16 22:43:58 -05:00: 
> savingkc-crm@0.1.0 start
> next start

2026-04-16 22:43:59 -05:00: 2026-04-16 22:44:03 -05:00: 
> savingkc-crm@0.1.0 start
> next start

2026-04-16 22:44:03 -05:00: 2026-04-16 22:44:07 -05:00: 
> savingkc-crm@0.1.0 start
> next start

2026-04-16 22:44:07 -05:00: 2026-04-16 22:44:11 -05:00: 
> savingkc-crm@0.1.0 start
> next start

2026-04-16 22:44:11 -05:00: 2026-04-16 22:44:16 -05:00: 
> savingkc-crm@0.1.0 start
> next start

2026-04-16 22:44:16 -05:00: 2026-04-16 22:44:20 -05:00: 
> savingkc-crm@0.1.0 start
> next start

2026-04-16 22:44:20 -05:00: 2026-04-16 22:44:24 -05:00: 
> savingkc-crm@0.1.0 start
> next start

2026-04-16 22:44:24 -05:00: 2026-04-16 22:44:29 -05:00: 
> savingkc-crm@0.1.0 start
> next start

2026-04-16 22:44:29 -05:00: 2026-04-16 22:44:33 -05:00: 
> savingkc-crm@0.1.0 start
> next start

2026-04-16 22:44:33 -05:00: 2026-04-16 22:44:37 -05:00: 
> savingkc-crm@0.1.0 start
> next start

2026-04-16 22:44:37 -05:00: 2026-04-16 22:44:42 -05:00: 
> savingkc-crm@0.1.0 start
> next start

2026-04-16 22:44:42 -05:00: 2026-04-16 22:44:46 -05:00: 
> savingkc-crm@0.1.0 start
> next start

2026-04-16 22:44:46 -05:00: 2026-04-16 22:44:51 -05:00: 
> savingkc-crm@0.1.0 start
> next start

2026-04-16 22:44:51 -05:00: 2026-04-16 22:44:55 -05:00: 
> savingkc-crm@0.1.0 start
> next start

2026-04-16 22:44:55 -05:00: 2026-04-16 22:45:00 -05:00: 
> savingkc-crm@0.1.0 start
> next start

2026-04-16 22:45:00 -05:00: 2026-04-16 22:45:04 -05:00: 
> savingkc-crm@0.1.0 start
> next start

2026-04-16 22:45:04 -05:00: 2026-04-16 22:45:08 -05:00: 
> savingkc-crm@0.1.0 start
> next start

2026-04-16 22:45:08 -05:00: 2026-04-16 22:45:13 -05:00: 
> savingkc-crm@0.1.0 start
> next start

2026-04-16 22:45:13 -05:00: 2026-04-16 22:45:17 -05:00: 
> savingkc-crm@0.1.0 start
> next start

2026-04-16 22:45:17 -05:00: 2026-04-16 22:45:21 -05:00: 
> savingkc-crm@0.1.0 start
> next start

2026-04-16 22:45:21 -05:00: 2026-04-16 22:45:26 -05:00: 
> savingkc-crm@0.1.0 start
> next start

2026-04-16 22:45:26 -05:00: 2026-04-16 22:45:31 -05:00: 
> savingkc-crm@0.1.0 start
> next start

2026-04-16 22:45:31 -05:00: 2026-04-16 22:45:35 -05:00: 
> savingkc-crm@0.1.0 start
> next start

2026-04-16 22:45:36 -05:00: 2026-04-16 22:45:40 -05:00: 
> savingkc-crm@0.1.0 start
> next start

2026-04-16 22:45:40 -05:00: 2026-04-16 22:45:44 -05:00: 
> savingkc-crm@0.1.0 start
> next start

2026-04-16 22:45:44 -05:00: 2026-04-16 22:45:48 -05:00: 
> savingkc-crm@0.1.0 start
> next start

2026-04-16 22:45:48 -05:00: 2026-04-16 22:45:53 -05:00: 
> savingkc-crm@0.1.0 start
> next start

2026-04-16 22:45:53 -05:00: 2026-04-16 22:45:57 -05:00: 
> savingkc-crm@0.1.0 start
> next start

2026-04-16 22:45:57 -05:00: 2026-04-16 22:46:01 -05:00: 
> savingkc-crm@0.1.0 start
> next start

2026-04-16 22:46:01 -05:00: 2026-04-16 22:46:06 -05:00: 
> savingkc-crm@0.1.0 start
> next start

2026-04-16 22:46:06 -05:00: 2026-04-16 22:46:11 -05:00: 
> savingkc-crm@0.1.0 start
> next start

2026-04-16 22:46:11 -05:00: 2026-04-16 22:46:15 -05:00: 
> savingkc-crm@0.1.0 start
> next start

2026-04-16 22:46:16 -05:00: 2026-04-16 22:46:20 -05:00: 
> savingkc-crm@0.1.0 start
> next start

2026-04-16 22:46:20 -05:00: 2026-04-16 22:46:24 -05:00: 
> savingkc-crm@0.1.0 start
> next start

2026-04-16 22:46:24 -05:00: 2026-04-16 22:46:28 -05:00: 
> savingkc-crm@0.1.0 start
> next start

2026-04-16 22:46:28 -05:00: 2026-04-16 22:46:33 -05:00: 
> savingkc-crm@0.1.0 start
> next start

2026-04-16 22:46:33 -05:00: 2026-04-16 22:46:37 -05:00: 
> savingkc-crm@0.1.0 start
> next start

2026-04-16 22:46:37 -05:00: 2026-04-16 22:46:41 -05:00: 
> savingkc-crm@0.1.0 start
> next start

2026-04-16 22:46:41 -05:00: 2026-04-16 22:46:45 -05:00: 
> savingkc-crm@0.1.0 start
> next start

2026-04-16 22:46:46 -05:00: 2026-04-16 22:46:50 -05:00: 
> savingkc-crm@0.1.0 start
> next start

2026-04-16 22:46:50 -05:00: 2026-04-16 22:46:54 -05:00: 
> savingkc-crm@0.1.0 start
> next start

2026-04-16 22:46:54 -05:00: 2026-04-16 22:46:58 -05:00: 
> savingkc-crm@0.1.0 start
> next start

2026-04-16 22:46:58 -05:00: 2026-04-16 22:47:03 -05:00: 
> savingkc-crm@0.1.0 start
> next start

2026-04-16 22:47:03 -05:00: 2026-04-16 22:47:07 -05:00: 
> savingkc-crm@0.1.0 start
> next start

2026-04-16 22:47:07 -05:00: 2026-04-16 22:47:11 -05:00: 
> savingkc-crm@0.1.0 start
> next start

2026-04-16 22:47:11 -05:00: 2026-04-16 22:47:16 -05:00: 
> savingkc-crm@0.1.0 start
> next start

2026-04-16 22:47:16 -05:00: 2026-04-16 22:47:20 -05:00: 
> savingkc-crm@0.1.0 start
> next start

2026-04-16 22:47:20 -05:00: 2026-04-16 22:47:24 -05:00: 
> savingkc-crm@0.1.0 start
> next start

2026-04-16 22:47:24 -05:00: 2026-04-16 22:47:29 -05:00: 
> savingkc-crm@0.1.0 start
> next start

2026-04-16 22:47:29 -05:00: 2026-04-16 22:47:33 -05:00: 
> savingkc-crm@0.1.0 start
> next start

2026-04-16 22:47:33 -05:00: 2026-04-16 22:47:37 -05:00: 
> savingkc-crm@0.1.0 start
> next start

2026-04-16 22:47:37 -05:00: 2026-04-16 22:47:42 -05:00: 
> savingkc-crm@0.1.0 start
> next start

2026-04-16 22:47:42 -05:00: 2026-04-16 22:47:46 -05:00: 
> savingkc-crm@0.1.0 start
> next start

2026-04-16 22:47:46 -05:00: 2026-04-16 22:47:50 -05:00: 
> savingkc-crm@0.1.0 start
> next start

2026-04-16 22:47:50 -05:00: 2026-04-16 22:47:54 -05:00: 
> savingkc-crm@0.1.0 start
> next start

2026-04-16 22:47:55 -05:00: 2026-04-16 22:47:59 -05:00: 
> savingkc-crm@0.1.0 start
> next start

2026-04-16 22:47:59 -05:00: 2026-04-16 22:48:03 -05:00: 
> savingkc-crm@0.1.0 start
> next start

2026-04-16 22:48:03 -05:00: 2026-04-16 22:48:08 -05:00: 
> savingkc-crm@0.1.0 start
> next start

2026-04-16 22:48:08 -05:00: 2026-04-16 22:48:12 -05:00: 
> savingkc-crm@0.1.0 start
> next start

2026-04-16 22:48:12 -05:00: 2026-04-16 22:48:16 -05:00: 
> savingkc-crm@0.1.0 start
> next start

2026-04-16 22:48:16 -05:00: 2026-04-16 22:48:21 -05:00: 
> savingkc-crm@0.1.0 start
> next start

2026-04-16 22:48:21 -05:00: 2026-04-16 22:48:25 -05:00: 
> savingkc-crm@0.1.0 start
> next start

2026-04-16 22:48:25 -05:00: 2026-04-16 22:48:29 -05:00: 
> savingkc-crm@0.1.0 start
> next start

2026-04-16 22:48:29 -05:00: 2026-04-16 22:48:33 -05:00: 
> savingkc-crm@0.1.0 start
> next start

2026-04-16 22:48:34 -05:00: 2026-04-16 22:48:38 -05:00: 
> savingkc-crm@0.1.0 start
> next start

2026-04-16 22:48:38 -05:00: 2026-04-16 22:48:42 -05:00: 
> savingkc-crm@0.1.0 start
> next start

2026-04-16 22:48:42 -05:00: 2026-04-16 22:48:46 -05:00: 
> savingkc-crm@0.1.0 start
> next start

2026-04-16 22:48:47 -05:00: 2026-04-16 22:48:51 -05:00: 
> savingkc-crm@0.1.0 start
> next start

2026-04-16 22:48:51 -05:00: 2026-04-16 22:48:55 -05:00: 
> savingkc-crm@0.1.0 start
> next start

2026-04-16 22:48:55 -05:00: 2026-04-16 22:48:59 -05:00: 
> savingkc-crm@0.1.0 start
> next start

2026-04-16 22:49:00 -05:00: 2026-04-16 22:49:04 -05:00: 
> savingkc-crm@0.1.0 start
> next start

2026-04-16 22:49:04 -05:00: 2026-04-16 22:49:08 -05:00: 
> savingkc-crm@0.1.0 start
> next start

2026-04-16 22:49:08 -05:00: 2026-04-16 22:49:12 -05:00: 
> savingkc-crm@0.1.0 start
> next start

2026-04-16 22:49:13 -05:00: 2026-04-16 22:49:17 -05:00: 
> savingkc-crm@0.1.0 start
> next start

2026-04-16 22:49:17 -05:00: 2026-04-16 22:49:21 -05:00: 
> savingkc-crm@0.1.0 start
> next start

2026-04-16 22:49:21 -05:00: 2026-04-16 22:49:25 -05:00: 
> savingkc-crm@0.1.0 start
> next start

2026-04-16 22:49:25 -05:00: 2026-04-16 22:49:30 -05:00: 
> savingkc-crm@0.1.0 start
> next start

2026-04-16 22:49:30 -05:00: 2026-04-16 22:49:34 -05:00: 
> savingkc-crm@0.1.0 start
> next start

2026-04-16 22:49:34 -05:00: 2026-04-16 22:49:38 -05:00: 
> savingkc-crm@0.1.0 start
> next start

2026-04-16 22:49:38 -05:00: 2026-04-16 22:49:43 -05:00: 
> savingkc-crm@0.1.0 start
> next start

2026-04-16 22:49:43 -05:00: 2026-04-16 22:49:47 -05:00: 
> savingkc-crm@0.1.0 start
> next start

2026-04-16 22:49:47 -05:00: 2026-04-16 22:49:51 -05:00: 
> savingkc-crm@0.1.0 start
> next start

2026-04-16 22:49:51 -05:00: 2026-04-16 22:49:55 -05:00: 
> savingkc-crm@0.1.0 start
> next start

2026-04-16 22:49:56 -05:00: 2026-04-16 22:50:00 -05:00: 
> savingkc-crm@0.1.0 start
> next start

2026-04-16 22:50:00 -05:00: 2026-04-16 22:50:04 -05:00: 
> savingkc-crm@0.1.0 start
> next start

2026-04-16 22:50:04 -05:00: 2026-04-16 22:50:08 -05:00: 
> savingkc-crm@0.1.0 start
> next start

2026-04-16 22:50:08 -05:00: 2026-04-16 22:50:13 -05:00: 
> savingkc-crm@0.1.0 start
> next start

2026-04-16 22:50:13 -05:00: 2026-04-16 22:50:17 -05:00: 
> savingkc-crm@0.1.0 start
> next start

2026-04-16 22:50:17 -05:00: 2026-04-16 22:50:21 -05:00: 
> savingkc-crm@0.1.0 start
> next start

2026-04-16 22:50:21 -05:00: 2026-04-16 22:50:26 -05:00: 
> savingkc-crm@0.1.0 start
> next start

2026-04-16 22:50:26 -05:00: 2026-04-16 22:50:30 -05:00: 
> savingkc-crm@0.1.0 start
> next start

2026-04-16 22:50:30 -05:00: 2026-04-16 22:50:34 -05:00: 
> savingkc-crm@0.1.0 start
> next start

2026-04-16 22:50:34 -05:00: 2026-04-16 22:50:38 -05:00: 
> savingkc-crm@0.1.0 start
> next start

2026-04-16 22:50:38 -05:00: 2026-04-16 22:50:43 -05:00: 
> savingkc-crm@0.1.0 start
> next start

2026-04-16 22:50:43 -05:00: 2026-04-16 22:50:47 -05:00: 
> savingkc-crm@0.1.0 start
> next start

2026-04-16 22:50:47 -05:00: 2026-04-16 22:50:51 -05:00: 
> savingkc-crm@0.1.0 start
> next start

2026-04-16 22:50:51 -05:00: 2026-04-16 22:50:56 -05:00: 
> savingkc-crm@0.1.0 start
> next start

2026-04-16 22:50:56 -05:00: 2026-04-16 22:51:00 -05:00: 
> savingkc-crm@0.1.0 start
> next start

2026-04-16 22:51:00 -05:00: 2026-04-16 22:51:04 -05:00: 
> savingkc-crm@0.1.0 start
> next start

2026-04-16 22:51:04 -05:00: 2026-04-16 22:51:08 -05:00: 
> savingkc-crm@0.1.0 start
> next start

2026-04-16 22:51:09 -05:00: 2026-04-16 22:51:13 -05:00: 
> savingkc-crm@0.1.0 start
> next start

2026-04-16 22:51:13 -05:00: 2026-04-16 22:51:17 -05:00: 
> savingkc-crm@0.1.0 start
> next start

2026-04-16 22:51:17 -05:00: 2026-04-16 22:51:21 -05:00: 
> savingkc-crm@0.1.0 start
> next start

2026-04-16 22:51:22 -05:00: 2026-04-16 22:51:26 -05:00: 
> savingkc-crm@0.1.0 start
> next start

2026-04-16 22:51:26 -05:00: 2026-04-16 22:51:30 -05:00: 
> savingkc-crm@0.1.0 start
> next start

2026-04-16 22:51:30 -05:00: 2026-04-16 22:51:34 -05:00: 
> savingkc-crm@0.1.0 start
> next start

2026-04-16 22:51:34 -05:00: 2026-04-16 22:51:39 -05:00: 
> savingkc-crm@0.1.0 start
> next start

2026-04-16 22:51:39 -05:00: 2026-04-16 22:51:43 -05:00: 
> savingkc-crm@0.1.0 start
> next start

2026-04-16 22:51:43 -05:00: 2026-04-16 22:51:47 -05:00: 
> savingkc-crm@0.1.0 start
> next start

2026-04-16 22:51:47 -05:00: 2026-04-16 22:51:51 -05:00: 
> savingkc-crm@0.1.0 start
> next start

2026-04-16 22:51:52 -05:00: 2026-04-16 22:51:56 -05:00: 
> savingkc-crm@0.1.0 start
> next start

2026-04-16 22:51:56 -05:00: 2026-04-16 22:52:00 -05:00: 
> savingkc-crm@0.1.0 start
> next start

2026-04-16 22:52:00 -05:00: 2026-04-16 22:52:04 -05:00: 
> savingkc-crm@0.1.0 start
> next start

2026-04-16 22:52:05 -05:00: 2026-04-16 22:52:09 -05:00: 
> savingkc-crm@0.1.0 start
> next start

2026-04-16 22:52:09 -05:00: 2026-04-16 22:52:13 -05:00: 
> savingkc-crm@0.1.0 start
> next start

2026-04-16 22:52:13 -05:00: 2026-04-16 22:52:17 -05:00: 
> savingkc-crm@0.1.0 start
> next start

2026-04-16 22:52:17 -05:00: 2026-04-16 22:52:22 -05:00: 
> savingkc-crm@0.1.0 start
> next start

2026-04-16 22:52:22 -05:00: 2026-04-16 22:52:26 -05:00: 
> savingkc-crm@0.1.0 start
> next start

2026-04-16 22:52:26 -05:00: 2026-04-16 22:52:30 -05:00: 
> savingkc-crm@0.1.0 start
> next start

2026-04-16 22:52:30 -05:00: 2026-04-16 22:52:35 -05:00: 
> savingkc-crm@0.1.0 start
> next start

2026-04-16 22:52:35 -05:00: 2026-04-16 22:52:39 -05:00: 
> savingkc-crm@0.1.0 start
> next start

2026-04-16 22:52:39 -05:00: 2026-04-16 22:52:43 -05:00: 
> savingkc-crm@0.1.0 start
> next start

2026-04-16 22:52:43 -05:00: 2026-04-16 22:52:48 -05:00: 
> savingkc-crm@0.1.0 start
> next start

2026-04-16 22:52:48 -05:00: 2026-04-16 22:52:52 -05:00: 
> savingkc-crm@0.1.0 start
> next start

2026-04-16 22:52:52 -05:00: 2026-04-16 22:52:56 -05:00: 
> savingkc-crm@0.1.0 start
> next start

2026-04-16 22:52:56 -05:00: 2026-04-16 22:53:00 -05:00: 
> savingkc-crm@0.1.0 start
> next start

2026-04-16 22:53:01 -05:00: 2026-04-16 22:53:05 -05:00: 
> savingkc-crm@0.1.0 start
> next start

2026-04-16 22:53:05 -05:00: 2026-04-16 22:53:09 -05:00: 
> savingkc-crm@0.1.0 start
> next start

2026-04-16 22:53:09 -05:00: 2026-04-16 22:53:13 -05:00: 
> savingkc-crm@0.1.0 start
> next start

2026-04-16 22:53:14 -05:00: 2026-04-16 22:53:18 -05:00: 
> savingkc-crm@0.1.0 start
> next start

2026-04-16 22:53:18 -05:00: 2026-04-16 22:53:22 -05:00: 
> savingkc-crm@0.1.0 start
> next start

2026-04-16 22:53:22 -05:00: 2026-04-16 22:53:26 -05:00: 
> savingkc-crm@0.1.0 start
> next start

2026-04-16 22:53:26 -05:00: 2026-04-16 22:53:31 -05:00: 
> savingkc-crm@0.1.0 start
> next start

2026-04-16 22:53:31 -05:00: 2026-04-16 22:53:35 -05:00: 
> savingkc-crm@0.1.0 start
> next start

2026-04-16 22:53:35 -05:00: 2026-04-16 22:53:39 -05:00: 
> savingkc-crm@0.1.0 start
> next start

2026-04-16 22:53:40 -05:00: 2026-04-16 22:53:44 -05:00: 
> savingkc-crm@0.1.0 start
> next start

2026-04-16 22:53:44 -05:00: 2026-04-16 22:53:48 -05:00: 
> savingkc-crm@0.1.0 start
> next start

2026-04-16 22:53:48 -05:00: 2026-04-16 22:53:52 -05:00: 
> savingkc-crm@0.1.0 start
> next start

2026-04-16 22:53:52 -05:00: 2026-04-16 22:53:57 -05:00: 
> savingkc-crm@0.1.0 start
> next start

2026-04-16 22:53:57 -05:00: 2026-04-16 22:54:01 -05:00: 
> savingkc-crm@0.1.0 start
> next start

2026-04-16 22:54:01 -05:00: 2026-04-16 22:54:05 -05:00: 
> savingkc-crm@0.1.0 start
> next start

2026-04-16 22:54:05 -05:00: 2026-04-16 22:54:10 -05:00: 
> savingkc-crm@0.1.0 start
> next start

2026-04-16 22:54:10 -05:00: 2026-04-16 22:54:14 -05:00: 
> savingkc-crm@0.1.0 start
> next start

2026-04-16 22:54:14 -05:00: 2026-04-16 22:54:18 -05:00: 
> savingkc-crm@0.1.0 start
> next start

2026-04-16 22:54:18 -05:00: 2026-04-16 22:54:22 -05:00: 
> savingkc-crm@0.1.0 start
> next start

2026-04-16 22:54:23 -05:00: 2026-04-16 22:54:27 -05:00: 
> savingkc-crm@0.1.0 start
> next start

2026-04-16 22:54:27 -05:00: 2026-04-16 22:54:31 -05:00: 
> savingkc-crm@0.1.0 start
> next start

2026-04-16 22:54:31 -05:00: 2026-04-16 22:54:35 -05:00: 
> savingkc-crm@0.1.0 start
> next start

2026-04-16 22:54:35 -05:00: 2026-04-16 22:54:40 -05:00: 
> savingkc-crm@0.1.0 start
> next start

2026-04-16 22:54:40 -05:00: 2026-04-16 22:54:44 -05:00: 
> savingkc-crm@0.1.0 start
> next start

2026-04-16 22:54:44 -05:00: 2026-04-16 22:54:48 -05:00: 
> savingkc-crm@0.1.0 start
> next start

2026-04-16 22:54:48 -05:00: 2026-04-16 22:54:52 -05:00: 
> savingkc-crm@0.1.0 start
> next start

2026-04-16 22:54:53 -05:00: 2026-04-16 22:54:57 -05:00: 
> savingkc-crm@0.1.0 start
> next start

2026-04-16 22:54:57 -05:00: 2026-04-16 22:55:01 -05:00: 
> savingkc-crm@0.1.0 start
> next start

2026-04-16 22:55:01 -05:00: 2026-04-16 22:55:05 -05:00: 
> savingkc-crm@0.1.0 start
> next start

2026-04-16 22:55:06 -05:00: 2026-04-16 22:55:10 -05:00: 
> savingkc-crm@0.1.0 start
> next start

2026-04-16 22:55:10 -05:00: 2026-04-16 22:55:14 -05:00: 
> savingkc-crm@0.1.0 start
> next start

2026-04-16 22:55:14 -05:00: 2026-04-16 22:55:18 -05:00: 
> savingkc-crm@0.1.0 start
> next start

2026-04-16 22:55:18 -05:00: 2026-04-16 22:55:23 -05:00: 
> savingkc-crm@0.1.0 start
> next start

2026-04-16 22:55:23 -05:00: 2026-04-16 22:55:27 -05:00: 
> savingkc-crm@0.1.0 start
> next start

2026-04-16 22:55:27 -05:00: 2026-04-16 22:55:31 -05:00: 
> savingkc-crm@0.1.0 start
> next start

2026-04-16 22:55:31 -05:00: 2026-04-16 22:55:35 -05:00: 
> savingkc-crm@0.1.0 start
> next start

2026-04-16 22:55:35 -05:00: 2026-04-16 22:55:40 -05:00: 
> savingkc-crm@0.1.0 start
> next start

2026-04-16 22:55:40 -05:00: 2026-04-16 22:55:44 -05:00: 
> savingkc-crm@0.1.0 start
> next start

2026-04-16 22:55:44 -05:00: 2026-04-16 22:55:48 -05:00: 
> savingkc-crm@0.1.0 start
> next start

2026-04-16 22:55:48 -05:00: 2026-04-16 22:55:52 -05:00: 
> savingkc-crm@0.1.0 start
> next start

2026-04-16 22:55:53 -05:00: 2026-04-16 22:55:57 -05:00: 
> savingkc-crm@0.1.0 start
> next start

2026-04-16 22:55:57 -05:00: 2026-04-16 22:56:01 -05:00: 
> savingkc-crm@0.1.0 start
> next start

2026-04-16 22:56:01 -05:00: 2026-04-16 22:56:05 -05:00: 
> savingkc-crm@0.1.0 start
> next start

2026-04-16 22:56:06 -05:00: 2026-04-16 22:56:10 -05:00: 
> savingkc-crm@0.1.0 start
> next start

2026-04-16 22:56:10 -05:00: 2026-04-16 22:56:14 -05:00: 
> savingkc-crm@0.1.0 start
> next start

2026-04-16 22:56:14 -05:00: 2026-04-16 22:56:18 -05:00: 
> savingkc-crm@0.1.0 start
> next start

2026-04-16 22:56:18 -05:00: 2026-04-16 22:56:22 -05:00: 
> savingkc-crm@0.1.0 start
> next start

2026-04-16 22:56:23 -05:00: 2026-04-16 22:56:27 -05:00: 
> savingkc-crm@0.1.0 start
> next start

2026-04-16 22:56:27 -05:00: 2026-04-16 22:56:31 -05:00: 
> savingkc-crm@0.1.0 start
> next start

2026-04-16 22:56:31 -05:00: 2026-04-16 22:56:35 -05:00: 
> savingkc-crm@0.1.0 start
> next start

2026-04-16 22:56:35 -05:00: 2026-04-16 22:56:40 -05:00: 
> savingkc-crm@0.1.0 start
> next start

2026-04-16 22:56:40 -05:00: 2026-04-16 22:56:44 -05:00: 
> savingkc-crm@0.1.0 start
> next start

2026-04-16 22:56:44 -05:00: 2026-04-16 22:56:48 -05:00: 
> savingkc-crm@0.1.0 start
> next start

2026-04-16 22:56:48 -05:00: 2026-04-16 22:56:52 -05:00: 
> savingkc-crm@0.1.0 start
> next start

2026-04-16 22:56:53 -05:00: 2026-04-16 22:56:57 -05:00: 
> savingkc-crm@0.1.0 start
> next start

2026-04-16 22:56:57 -05:00: 2026-04-16 22:57:01 -05:00: 
> savingkc-crm@0.1.0 start
> next start

2026-04-16 22:57:01 -05:00: 2026-04-16 22:57:05 -05:00: 
> savingkc-crm@0.1.0 start
> next start

2026-04-16 22:57:06 -05:00: 2026-04-16 22:57:10 -05:00: 
> savingkc-crm@0.1.0 start
> next start

2026-04-16 22:57:10 -05:00: 2026-04-16 22:57:14 -05:00: 
> savingkc-crm@0.1.0 start
> next start

2026-04-16 22:57:14 -05:00: 2026-04-16 22:57:18 -05:00: 
> savingkc-crm@0.1.0 start
> next start

2026-04-16 22:57:18 -05:00: 2026-04-16 22:57:23 -05:00: 
> savingkc-crm@0.1.0 start
> next start

2026-04-16 22:57:23 -05:00: 2026-04-16 22:57:27 -05:00: 
> savingkc-crm@0.1.0 start
> next start

2026-04-16 22:57:27 -05:00: 2026-04-16 22:57:31 -05:00: 
> savingkc-crm@0.1.0 start
> next start

2026-04-16 22:57:31 -05:00: 2026-04-16 22:57:36 -05:00: 
> savingkc-crm@0.1.0 start
> next start

2026-04-16 22:57:36 -05:00: 2026-04-16 22:57:40 -05:00: 
> savingkc-crm@0.1.0 start
> next start

2026-04-16 22:57:40 -05:00: 2026-04-16 22:57:44 -05:00: 
> savingkc-crm@0.1.0 start
> next start

2026-04-16 22:57:44 -05:00: 2026-04-16 22:57:48 -05:00: 
> savingkc-crm@0.1.0 start
> next start

2026-04-16 22:57:49 -05:00: 2026-04-16 22:57:53 -05:00: 
> savingkc-crm@0.1.0 start
> next start

2026-04-16 22:57:53 -05:00: 2026-04-16 22:57:57 -05:00: 
> savingkc-crm@0.1.0 start
> next start

2026-04-16 22:57:57 -05:00: 2026-04-16 22:58:01 -05:00: 
> savingkc-crm@0.1.0 start
> next start

2026-04-16 22:58:02 -05:00: 2026-04-16 22:58:06 -05:00: 
> savingkc-crm@0.1.0 start
> next start

2026-04-16 22:58:06 -05:00: 2026-04-16 22:58:10 -05:00: 
> savingkc-crm@0.1.0 start
> next start

2026-04-16 22:58:10 -05:00: 2026-04-16 22:58:14 -05:00: 
> savingkc-crm@0.1.0 start
> next start

2026-04-16 22:58:15 -05:00: 2026-04-16 22:58:19 -05:00: 
> savingkc-crm@0.1.0 start
> next start

2026-04-16 22:58:19 -05:00: 2026-04-16 22:58:23 -05:00: 
> savingkc-crm@0.1.0 start
> next start

2026-04-16 22:58:23 -05:00: 2026-04-16 22:58:27 -05:00: 
> savingkc-crm@0.1.0 start
> next start

2026-04-16 22:58:28 -05:00: 2026-04-16 22:58:32 -05:00: 
> savingkc-crm@0.1.0 start
> next start

2026-04-16 22:58:32 -05:00: 2026-04-16 22:58:36 -05:00: 
> savingkc-crm@0.1.0 start
> next start

2026-04-16 22:58:36 -05:00: 2026-04-16 22:58:40 -05:00: 
> savingkc-crm@0.1.0 start
> next start

2026-04-16 22:58:41 -05:00: 2026-04-16 22:58:45 -05:00: 
> savingkc-crm@0.1.0 start
> next start

2026-04-16 22:58:45 -05:00: 2026-04-16 22:58:49 -05:00: 
> savingkc-crm@0.1.0 start
> next start

2026-04-16 22:58:49 -05:00: 2026-04-16 22:58:53 -05:00: 
> savingkc-crm@0.1.0 start
> next start

2026-04-16 22:58:54 -05:00: 2026-04-16 22:58:58 -05:00: 
> savingkc-crm@0.1.0 start
> next start

2026-04-16 22:58:58 -05:00: 2026-04-16 22:59:02 -05:00: 
> savingkc-crm@0.1.0 start
> next start

2026-04-16 22:59:02 -05:00: 2026-04-16 22:59:06 -05:00: 
> savingkc-crm@0.1.0 start
> next start

2026-04-16 22:59:07 -05:00: 2026-04-16 22:59:11 -05:00: 
> savingkc-crm@0.1.0 start
> next start

2026-04-16 22:59:11 -05:00: 2026-04-16 22:59:15 -05:00: 
> savingkc-crm@0.1.0 start
> next start

2026-04-16 22:59:15 -05:00: 2026-04-16 22:59:19 -05:00: 
> savingkc-crm@0.1.0 start
> next start

2026-04-16 22:59:20 -05:00: 2026-04-16 22:59:24 -05:00: 
> savingkc-crm@0.1.0 start
> next start

2026-04-16 22:59:24 -05:00: 2026-04-16 22:59:29 -05:00: 
> savingkc-crm@0.1.0 start
> next start

2026-04-16 22:59:29 -05:00: 2026-04-16 22:59:34 -05:00: 
> savingkc-crm@0.1.0 start
> next start

2026-04-16 22:59:34 -05:00: 2026-04-16 22:59:38 -05:00: 
> savingkc-crm@0.1.0 start
> next start

2026-04-16 22:59:38 -05:00: 2026-04-16 22:59:42 -05:00: 
> savingkc-crm@0.1.0 start
> next start

2026-04-16 22:59:43 -05:00: 2026-04-16 22:59:47 -05:00: 
> savingkc-crm@0.1.0 start
> next start

2026-04-16 22:59:47 -05:00: 2026-04-16 22:59:51 -05:00: 
> savingkc-crm@0.1.0 start
> next start

2026-04-16 22:59:51 -05:00: 2026-04-16 22:59:55 -05:00: 
> savingkc-crm@0.1.0 start
> next start

2026-04-16 22:59:55 -05:00: 2026-04-16 22:59:59 -05:00: 
> savingkc-crm@0.1.0 start
> next start

2026-04-16 23:00:00 -05:00: 2026-04-16 23:00:04 -05:00: 
> savingkc-crm@0.1.0 start
> next start

2026-04-16 23:00:04 -05:00: 